// Jest Snapshot v1, https://goo.gl/fbAQLP

exports[`图标 渲染 1`] = `
<body>
  <div>
    <div
      class="wrap"
      id="id0"
    />
  </div>
</body>
`;
